[auto_grid_trigger] Started 2026-05-31 16:26:30
[auto_grid_trigger] Target leagues : LegaA,ABA,Israel,PBA_PhilCup,PBA_CommCup,PBA_GovCup
[auto_grid_trigger] Poll interval  : 120s
[auto_grid_trigger] Stall timeout  : 5400s
[auto_grid_trigger] CSV output     : /Users/makschernenkov/Desktop/newProjects/basket_pace_lab/results/final_grid_search.csv
──────────────────────────────────────────────────────────────────────────
[auto_grid_trigger] [2026-05-31 16:26:30] #1 pending=1267  stall=0s
── Per-league status ──
   league    | scoutable | enriched | pending 
-------------+-----------+----------+---------
 ABA         |       680 |       16 |     664
 LegaA       |       223 |       26 |     197
 Israel      |       174 |       33 |     141
 PBA_GovCup  |        92 |        0 |      92
 PBA_PhilCup |        88 |        0 |      88
 PBA_CommCup |        85 |        0 |      85
(6 rows)

──────────────────────────────────────────────────────────────────────────
[auto_grid_trigger] [2026-05-31 16:28:30] #2 pending=1187  stall=0s
[auto_grid_trigger] [2026-05-31 16:30:30] #3 pending=1092  stall=0s
[auto_grid_trigger] [2026-05-31 16:32:30] #4 pending=987  stall=0s
[auto_grid_trigger] [2026-05-31 16:34:30] #5 pending=892  stall=0s
[auto_grid_trigger] [2026-05-31 16:36:30] #6 pending=792  stall=0s
── Per-league status ──
   league    | scoutable | enriched | pending 
-------------+-----------+----------+---------
 ABA         |       680 |      203 |     477
 PBA_GovCup  |        92 |        0 |      92
 PBA_PhilCup |        88 |        0 |      88
 PBA_CommCup |        85 |        0 |      85
 LegaA       |       223 |      194 |      29
 Israel      |       174 |      153 |      21
(6 rows)

──────────────────────────────────────────────────────────────────────────
[auto_grid_trigger] [2026-05-31 16:38:30] #7 pending=711  stall=0s
[auto_grid_trigger] [2026-05-31 16:40:30] #8 pending=711  stall=120s
[auto_grid_trigger] [2026-05-31 16:42:30] #9 pending=711  stall=240s
[auto_grid_trigger] [2026-05-31 16:44:30] #10 pending=711  stall=360s
[auto_grid_trigger] [2026-05-31 16:46:30] #11 pending=711  stall=480s
── Per-league status ──
   league    | scoutable | enriched | pending 
-------------+-----------+----------+---------
 ABA         |       680 |      235 |     445
 PBA_GovCup  |        92 |        0 |      92
 PBA_PhilCup |        88 |        0 |      88
 PBA_CommCup |        85 |        0 |      85
 LegaA       |       223 |      222 |       1
 Israel      |       174 |      174 |       0
(6 rows)

──────────────────────────────────────────────────────────────────────────
[auto_grid_trigger] [2026-05-31 16:48:31] #12 pending=711  stall=600s
[auto_grid_trigger] [2026-05-31 16:50:31] #13 pending=711  stall=720s
[auto_grid_trigger] [2026-05-31 16:52:31] #14 pending=711  stall=840s
[auto_grid_trigger] Started 2026-05-31 16:53:17
[auto_grid_trigger] Target leagues : LegaA,ABA,Israel,PBA_PhilCup,PBA_CommCup,PBA_GovCup
[auto_grid_trigger] Poll interval  : 120s
[auto_grid_trigger] Stall timeout  : 5400s
[auto_grid_trigger] CSV output     : /Users/makschernenkov/Desktop/newProjects/basket_pace_lab/results/final_grid_search.csv
──────────────────────────────────────────────────────────────────────────
[auto_grid_trigger] [2026-05-31 16:53:17] #1 pending=711  stall=0s
── Per-league status ──
   league    | scoutable | enriched | pending 
-------------+-----------+----------+---------
 ABA         |       680 |      235 |     445
 PBA_GovCup  |        92 |        0 |      92
 PBA_PhilCup |        88 |        0 |      88
 PBA_CommCup |        85 |        0 |      85
 LegaA       |       223 |      222 |       1
 Israel      |       174 |      174 |       0
(6 rows)

──────────────────────────────────────────────────────────────────────────
