{"time":"2026-05-31T16:24:54.95776+03:00","level":"INFO","msg":"connected to postgres","host":"localhost","db":"basket_pace"}
{"time":"2026-05-31T16:24:54.958531+03:00","level":"INFO","msg":"loaded sofascore cookies","path":"cookies.json"}
{"time":"2026-05-31T16:24:54.972616+03:00","level":"INFO","msg":"starting enrichment","iteration":1,"matches":804,"leagues":["LegaA","ABA","Israel","PBA_PhilCup","PBA_CommCup","PBA_GovCup"],"season_start":"2025-08-01","workers":1,"rps":1,"loop":true}
{"time":"2026-05-31T16:25:03.042327+03:00","level":"WARN","msg":"empty/unparseable box score; skipping","match_id":6297,"event_id":16193683,"reason":"home box score: turnovers: empty count string"}
{"time":"2026-05-31T16:25:03.987445+03:00","level":"WARN","msg":"empty/unparseable box score; skipping","match_id":6298,"event_id":16193686,"reason":"home box score: turnovers: empty count string"}
{"time":"2026-05-31T16:25:11.987926+03:00","level":"WARN","msg":"empty/unparseable box score; skipping","match_id":6299,"event_id":16193680,"reason":"home box score: turnovers: empty count string"}
{"time":"2026-05-31T16:25:13.016105+03:00","level":"WARN","msg":"empty/unparseable box score; skipping","match_id":6300,"event_id":16193679,"reason":"home box score: turnovers: empty count string"}
{"time":"2026-05-31T16:25:27.016755+03:00","level":"WARN","msg":"empty/unparseable box score; skipping","match_id":6301,"event_id":16175361,"reason":"home box score: turnovers: empty count string"}
{"time":"2026-05-31T16:25:28.016307+03:00","level":"WARN","msg":"empty/unparseable box score; skipping","match_id":6302,"event_id":16175646,"reason":"home box score: turnovers: empty count string"}
{"time":"2026-05-31T16:25:30.017233+03:00","level":"WARN","msg":"empty/unparseable box score; skipping","match_id":6303,"event_id":16160345,"reason":"home box score: turnovers: empty count string"}
{"time":"2026-05-31T16:25:33.019113+03:00","level":"WARN","msg":"empty/unparseable box score; skipping","match_id":6304,"event_id":16160347,"reason":"home box score: turnovers: empty count string"}
{"time":"2026-05-31T16:25:38.017121+03:00","level":"WARN","msg":"empty/unparseable box score; skipping","match_id":6305,"event_id":16160344,"reason":"home box score: turnovers: empty count string"}
{"time":"2026-05-31T16:25:39.017264+03:00","level":"WARN","msg":"empty/unparseable box score; skipping","match_id":6306,"event_id":16160346,"reason":"home box score: turnovers: empty count string"}
{"time":"2026-05-31T16:25:58.015848+03:00","level":"WARN","msg":"empty/unparseable box score; skipping","match_id":6307,"event_id":15656714,"reason":"home box score: field goals: empty shot string"}
{"time":"2026-05-31T16:25:59.01808+03:00","level":"WARN","msg":"empty/unparseable box score; skipping","match_id":6308,"event_id":15656713,"reason":"home box score: 3 pointers: empty shot string"}
{"time":"2026-05-31T16:26:01.068731+03:00","level":"WARN","msg":"empty/unparseable box score; skipping","match_id":6309,"event_id":15656712,"reason":"home box score: turnovers: empty count string"}
{"time":"2026-05-31T16:26:02.017548+03:00","level":"WARN","msg":"empty/unparseable box score; skipping","match_id":6310,"event_id":15656711,"reason":"home box score: turnovers: empty count string"}
{"time":"2026-05-31T16:26:04.017797+03:00","level":"WARN","msg":"empty/unparseable box score; skipping","match_id":6311,"event_id":15656710,"reason":"home box score: field goals: empty shot string"}
{"time":"2026-05-31T16:26:06.017598+03:00","level":"WARN","msg":"empty/unparseable box score; skipping","match_id":6312,"event_id":15656709,"reason":"home box score: field goals: empty shot string"}
{"time":"2026-05-31T16:26:15.018032+03:00","level":"WARN","msg":"empty/unparseable box score; skipping","match_id":6313,"event_id":15656707,"reason":"home box score: turnovers: empty count string"}
{"time":"2026-05-31T16:26:16.019278+03:00","level":"WARN","msg":"empty/unparseable box score; skipping","match_id":6314,"event_id":15656708,"reason":"home box score: turnovers: empty count string"}
{"time":"2026-05-31T16:26:19.050099+03:00","level":"WARN","msg":"empty/unparseable box score; skipping","match_id":6315,"event_id":15656706,"reason":"home box score: turnovers: empty count string"}
{"time":"2026-05-31T16:26:20.021069+03:00","level":"WARN","msg":"empty/unparseable box score; skipping","match_id":6316,"event_id":15656705,"reason":"home box score: turnovers: empty count string"}
{"time":"2026-05-31T16:26:30.989255+03:00","level":"WARN","msg":"empty/unparseable box score; skipping","match_id":6317,"event_id":15656704,"reason":"home box score: turnovers: empty count string"}
{"time":"2026-05-31T16:26:32.017706+03:00","level":"WARN","msg":"empty/unparseable box score; skipping","match_id":6318,"event_id":15656703,"reason":"home box score: turnovers: empty count string"}
{"time":"2026-05-31T16:26:34.016993+03:00","level":"WARN","msg":"empty/unparseable box score; skipping","match_id":6319,"event_id":15656702,"reason":"home box score: 3 pointers: empty shot string"}
{"time":"2026-05-31T16:26:35.023927+03:00","level":"WARN","msg":"empty/unparseable box score; skipping","match_id":6320,"event_id":15656701,"reason":"home box score: field goals: empty shot string"}
{"time":"2026-05-31T16:26:35.024019+03:00","level":"INFO","msg":"progress","processed":100,"enriched":76,"skipped":24,"failed":0}
{"time":"2026-05-31T16:26:36.024694+03:00","level":"WARN","msg":"empty/unparseable box score; skipping","match_id":6321,"event_id":15656700,"reason":"home box score: turnovers: empty count string"}
{"time":"2026-05-31T16:26:38.018095+03:00","level":"WARN","msg":"empty/unparseable box score; skipping","match_id":6322,"event_id":15656699,"reason":"home box score: turnovers: empty count string"}
{"time":"2026-05-31T16:26:43.017058+03:00","level":"WARN","msg":"empty/unparseable box score; skipping","match_id":6323,"event_id":15656698,"reason":"home box score: turnovers: empty count string"}
{"time":"2026-05-31T16:26:44.01639+03:00","level":"WARN","msg":"empty/unparseable box score; skipping","match_id":6324,"event_id":15656697,"reason":"home box score: turnovers: empty count string"}
{"time":"2026-05-31T16:26:46.022794+03:00","level":"WARN","msg":"empty/unparseable box score; skipping","match_id":6325,"event_id":15656696,"reason":"home box score: turnovers: empty count string"}
{"time":"2026-05-31T16:26:47.070989+03:00","level":"WARN","msg":"empty/unparseable box score; skipping","match_id":6326,"event_id":15656695,"reason":"home box score: turnovers: empty count string"}
{"time":"2026-05-31T16:27:00.016936+03:00","level":"WARN","msg":"empty/unparseable box score; skipping","match_id":6327,"event_id":15656694,"reason":"home box score: turnovers: empty count string"}
{"time":"2026-05-31T16:27:01.029474+03:00","level":"WARN","msg":"empty/unparseable box score; skipping","match_id":6328,"event_id":15656693,"reason":"home box score: turnovers: empty count string"}
{"time":"2026-05-31T16:27:06.017136+03:00","level":"WARN","msg":"empty/unparseable box score; skipping","match_id":6329,"event_id":15656692,"reason":"home box score: field goals: empty shot string"}
{"time":"2026-05-31T16:27:07.070423+03:00","level":"WARN","msg":"empty/unparseable box score; skipping","match_id":6330,"event_id":15656691,"reason":"home box score: field goals: empty shot string"}
{"time":"2026-05-31T16:27:09.020746+03:00","level":"WARN","msg":"empty/unparseable box score; skipping","match_id":6331,"event_id":15656690,"reason":"home box score: turnovers: empty count string"}
{"time":"2026-05-31T16:27:12.017683+03:00","level":"WARN","msg":"empty/unparseable box score; skipping","match_id":6332,"event_id":15656689,"reason":"home box score: turnovers: empty count string"}
{"time":"2026-05-31T16:27:16.01794+03:00","level":"WARN","msg":"empty/unparseable box score; skipping","match_id":6333,"event_id":15656688,"reason":"home box score: turnovers: empty count string"}
{"time":"2026-05-31T16:27:17.078265+03:00","level":"WARN","msg":"empty/unparseable box score; skipping","match_id":6334,"event_id":15656687,"reason":"home box score: turnovers: empty count string"}
{"time":"2026-05-31T16:27:19.049574+03:00","level":"WARN","msg":"empty/unparseable box score; skipping","match_id":6335,"event_id":15656686,"reason":"home box score: turnovers: empty count string"}
{"time":"2026-05-31T16:27:20.018888+03:00","level":"WARN","msg":"empty/unparseable box score; skipping","match_id":6336,"event_id":15656685,"reason":"home box score: turnovers: empty count string"}
{"time":"2026-05-31T16:27:35.06717+03:00","level":"WARN","msg":"empty/unparseable box score; skipping","match_id":6337,"event_id":15656684,"reason":"home box score: turnovers: empty count string"}
{"time":"2026-05-31T16:27:37.017398+03:00","level":"WARN","msg":"empty/unparseable box score; skipping","match_id":6338,"event_id":15656683,"reason":"home box score: turnovers: empty count string"}
{"time":"2026-05-31T16:27:43.019402+03:00","level":"WARN","msg":"empty/unparseable box score; skipping","match_id":6339,"event_id":15656682,"reason":"home box score: turnovers: empty count string"}
{"time":"2026-05-31T16:27:44.072817+03:00","level":"WARN","msg":"empty/unparseable box score; skipping","match_id":6340,"event_id":15656681,"reason":"home box score: turnovers: empty count string"}
{"time":"2026-05-31T16:27:46.018986+03:00","level":"WARN","msg":"empty/unparseable box score; skipping","match_id":6341,"event_id":15656680,"reason":"home box score: turnovers: empty count string"}
{"time":"2026-05-31T16:27:47.075277+03:00","level":"WARN","msg":"empty/unparseable box score; skipping","match_id":6342,"event_id":15656679,"reason":"home box score: turnovers: empty count string"}
{"time":"2026-05-31T16:27:48.0178+03:00","level":"WARN","msg":"empty/unparseable box score; skipping","match_id":6343,"event_id":15656678,"reason":"home box score: turnovers: empty count string"}
{"time":"2026-05-31T16:27:49.018467+03:00","level":"WARN","msg":"empty/unparseable box score; skipping","match_id":6344,"event_id":15656677,"reason":"home box score: turnovers: empty count string"}
{"time":"2026-05-31T16:27:51.018099+03:00","level":"WARN","msg":"empty/unparseable box score; skipping","match_id":6345,"event_id":15656676,"reason":"home box score: turnovers: empty count string"}
{"time":"2026-05-31T16:27:52.022308+03:00","level":"WARN","msg":"empty/unparseable box score; skipping","match_id":6346,"event_id":15656675,"reason":"home box score: turnovers: empty count string"}
{"time":"2026-05-31T16:28:03.018019+03:00","level":"WARN","msg":"empty/unparseable box score; skipping","match_id":6347,"event_id":15656674,"reason":"home box score: turnovers: empty count string"}
{"time":"2026-05-31T16:28:04.1458+03:00","level":"WARN","msg":"empty/unparseable box score; skipping","match_id":6348,"event_id":15656673,"reason":"home box score: turnovers: empty count string"}
{"time":"2026-05-31T16:28:10.019613+03:00","level":"WARN","msg":"empty/unparseable box score; skipping","match_id":6351,"event_id":15656670,"reason":"home box score: field goals: empty shot string"}
{"time":"2026-05-31T16:28:11.023462+03:00","level":"WARN","msg":"empty/unparseable box score; skipping","match_id":6352,"event_id":15656669,"reason":"home box score: field goals: empty shot string"}
{"time":"2026-05-31T16:28:12.066608+03:00","level":"WARN","msg":"empty/unparseable box score; skipping","match_id":6353,"event_id":15656668,"reason":"home box score: turnovers: empty count string"}
{"time":"2026-05-31T16:28:13.068608+03:00","level":"WARN","msg":"empty/unparseable box score; skipping","match_id":6354,"event_id":15656667,"reason":"home box score: turnovers: empty count string"}
{"time":"2026-05-31T16:28:14.022254+03:00","level":"WARN","msg":"empty/unparseable box score; skipping","match_id":6355,"event_id":15656666,"reason":"home box score: turnovers: empty count string"}
{"time":"2026-05-31T16:28:15.019728+03:00","level":"WARN","msg":"empty/unparseable box score; skipping","match_id":6356,"event_id":15656665,"reason":"home box score: turnovers: empty count string"}
{"time":"2026-05-31T16:28:15.019819+03:00","level":"INFO","msg":"progress","processed":200,"enriched":142,"skipped":58,"failed":0}
{"time":"2026-05-31T16:28:22.017883+03:00","level":"WARN","msg":"empty/unparseable box score; skipping","match_id":6357,"event_id":15656664,"reason":"home box score: turnovers: empty count string"}
{"time":"2026-05-31T16:28:23.018448+03:00","level":"WARN","msg":"empty/unparseable box score; skipping","match_id":6358,"event_id":15656663,"reason":"home box score: turnovers: empty count string"}
{"time":"2026-05-31T16:28:35.063753+03:00","level":"WARN","msg":"empty/unparseable box score; skipping","match_id":6359,"event_id":15656662,"reason":"home box score: turnovers: empty count string"}
{"time":"2026-05-31T16:28:36.021272+03:00","level":"WARN","msg":"empty/unparseable box score; skipping","match_id":6360,"event_id":15656661,"reason":"home box score: turnovers: empty count string"}
{"time":"2026-05-31T16:28:46.028827+03:00","level":"WARN","msg":"empty/unparseable box score; skipping","match_id":6361,"event_id":15656660,"reason":"home box score: turnovers: empty count string"}
{"time":"2026-05-31T16:28:47.02801+03:00","level":"WARN","msg":"empty/unparseable box score; skipping","match_id":6362,"event_id":15656659,"reason":"home box score: turnovers: empty count string"}
{"time":"2026-05-31T16:28:51.030126+03:00","level":"WARN","msg":"empty/unparseable box score; skipping","match_id":6363,"event_id":15656658,"reason":"home box score: turnovers: empty count string"}
{"time":"2026-05-31T16:28:53.060352+03:00","level":"WARN","msg":"empty/unparseable box score; skipping","match_id":6364,"event_id":15656657,"reason":"home box score: turnovers: empty count string"}
{"time":"2026-05-31T16:28:55.019229+03:00","level":"WARN","msg":"empty/unparseable box score; skipping","match_id":6365,"event_id":15656656,"reason":"home box score: turnovers: empty count string"}
{"time":"2026-05-31T16:28:56.02251+03:00","level":"WARN","msg":"empty/unparseable box score; skipping","match_id":6366,"event_id":15656655,"reason":"home box score: turnovers: empty count string"}
{"time":"2026-05-31T16:28:59.068385+03:00","level":"WARN","msg":"empty/unparseable box score; skipping","match_id":6367,"event_id":15656654,"reason":"home box score: turnovers: empty count string"}
{"time":"2026-05-31T16:29:00.020543+03:00","level":"WARN","msg":"empty/unparseable box score; skipping","match_id":6368,"event_id":15656653,"reason":"home box score: turnovers: empty count string"}
{"time":"2026-05-31T16:29:15.078123+03:00","level":"WARN","msg":"empty/unparseable box score; skipping","match_id":6369,"event_id":15656652,"reason":"home box score: turnovers: empty count string"}
{"time":"2026-05-31T16:29:16.020805+03:00","level":"WARN","msg":"empty/unparseable box score; skipping","match_id":6370,"event_id":15656651,"reason":"home box score: turnovers: empty count string"}
{"time":"2026-05-31T16:29:19.030392+03:00","level":"WARN","msg":"empty/unparseable box score; skipping","match_id":6371,"event_id":15656650,"reason":"home box score: turnovers: empty count string"}
{"time":"2026-05-31T16:29:20.019486+03:00","level":"WARN","msg":"empty/unparseable box score; skipping","match_id":6372,"event_id":15656649,"reason":"home box score: turnovers: empty count string"}
{"time":"2026-05-31T16:29:21.019763+03:00","level":"WARN","msg":"empty/unparseable box score; skipping","match_id":6373,"event_id":15656648,"reason":"home box score: turnovers: empty count string"}
{"time":"2026-05-31T16:29:22.018149+03:00","level":"WARN","msg":"empty/unparseable box score; skipping","match_id":6374,"event_id":15656647,"reason":"home box score: turnovers: empty count string"}
{"time":"2026-05-31T16:29:27.019045+03:00","level":"WARN","msg":"empty/unparseable box score; skipping","match_id":6375,"event_id":15656646,"reason":"home box score: turnovers: empty count string"}
{"time":"2026-05-31T16:29:28.019323+03:00","level":"WARN","msg":"empty/unparseable box score; skipping","match_id":6376,"event_id":15656645,"reason":"home box score: turnovers: empty count string"}
{"time":"2026-05-31T16:29:36.061502+03:00","level":"WARN","msg":"empty/unparseable box score; skipping","match_id":6377,"event_id":15656644,"reason":"home box score: turnovers: empty count string"}
{"time":"2026-05-31T16:29:39.018755+03:00","level":"WARN","msg":"empty/unparseable box score; skipping","match_id":6378,"event_id":15656643,"reason":"home box score: turnovers: empty count string"}
{"time":"2026-05-31T16:29:45.07345+03:00","level":"WARN","msg":"empty/unparseable box score; skipping","match_id":6379,"event_id":15656642,"reason":"home box score: turnovers: empty count string"}
{"time":"2026-05-31T16:29:46.077364+03:00","level":"WARN","msg":"empty/unparseable box score; skipping","match_id":6380,"event_id":15656641,"reason":"home box score: turnovers: empty count string"}
{"time":"2026-05-31T16:29:49.020739+03:00","level":"WARN","msg":"empty/unparseable box score; skipping","match_id":6382,"event_id":15656639,"reason":"home box score: turnovers: empty count string"}
{"time":"2026-05-31T16:29:50.070876+03:00","level":"WARN","msg":"empty/unparseable box score; skipping","match_id":6383,"event_id":15656638,"reason":"home box score: turnovers: empty count string"}
{"time":"2026-05-31T16:29:51.080001+03:00","level":"WARN","msg":"empty/unparseable box score; skipping","match_id":6384,"event_id":15656637,"reason":"home box score: turnovers: empty count string"}
{"time":"2026-05-31T16:29:55.023726+03:00","level":"INFO","msg":"progress","processed":300,"enriched":215,"skipped":85,"failed":0}
{"time":"2026-05-31T16:31:01.992511+03:00","level":"WARN","msg":"empty/unparseable box score; skipping","match_id":6208,"event_id":15443545,"reason":"home box score: turnovers: empty count string"}
{"time":"2026-05-31T16:31:07.041984+03:00","level":"WARN","msg":"empty/unparseable box score; skipping","match_id":6209,"event_id":15420563,"reason":"home box score: turnovers: empty count string"}
{"time":"2026-05-31T16:31:09.019639+03:00","level":"WARN","msg":"empty/unparseable box score; skipping","match_id":6210,"event_id":15383792,"reason":"home box score: turnovers: empty count string"}
{"time":"2026-05-31T16:31:23.029127+03:00","level":"WARN","msg":"empty/unparseable box score; skipping","match_id":6211,"event_id":15383791,"reason":"home box score: turnovers: empty count string"}
{"time":"2026-05-31T16:31:32.019813+03:00","level":"WARN","msg":"empty/unparseable box score; skipping","match_id":6212,"event_id":15383790,"reason":"home box score: turnovers: empty count string"}
{"time":"2026-05-31T16:31:34.019033+03:00","level":"WARN","msg":"empty/unparseable box score; skipping","match_id":6213,"event_id":15383789,"reason":"home box score: turnovers: empty count string"}
{"time":"2026-05-31T16:31:35.07271+03:00","level":"INFO","msg":"progress","processed":400,"enriched":309,"skipped":91,"failed":0}
{"time":"2026-05-31T16:31:55.028428+03:00","level":"WARN","msg":"empty/unparseable box score; skipping","match_id":6214,"event_id":15348927,"reason":"home box score: turnovers: empty count string"}
{"time":"2026-05-31T16:31:58.020673+03:00","level":"WARN","msg":"empty/unparseable box score; skipping","match_id":6215,"event_id":15328829,"reason":"home box score: turnovers: empty count string"}
{"time":"2026-05-31T16:31:59.01927+03:00","level":"WARN","msg":"empty/unparseable box score; skipping","match_id":6216,"event_id":15337185,"reason":"home box score: turnovers: empty count string"}
{"time":"2026-05-31T16:32:17.02602+03:00","level":"WARN","msg":"empty/unparseable box score; skipping","match_id":6217,"event_id":15292438,"reason":"home box score: turnovers: empty count string"}
{"time":"2026-05-31T16:32:18.027527+03:00","level":"WARN","msg":"empty/unparseable box score; skipping","match_id":6218,"event_id":15292439,"reason":"home box score: turnovers: empty count string"}
{"time":"2026-05-31T16:32:23.022591+03:00","level":"WARN","msg":"empty/unparseable box score; skipping","match_id":6219,"event_id":15292441,"reason":"home box score: turnovers: empty count string"}
{"time":"2026-05-31T16:32:24.025216+03:00","level":"WARN","msg":"empty/unparseable box score; skipping","match_id":6220,"event_id":15292443,"reason":"home box score: turnovers: empty count string"}
{"time":"2026-05-31T16:32:25.026153+03:00","level":"WARN","msg":"empty/unparseable box score; skipping","match_id":6221,"event_id":15292436,"reason":"home box score: turnovers: empty count string"}
{"time":"2026-05-31T16:32:26.023131+03:00","level":"WARN","msg":"empty/unparseable box score; skipping","match_id":6222,"event_id":15292440,"reason":"home box score: turnovers: empty count string"}
{"time":"2026-05-31T16:32:40.023299+03:00","level":"WARN","msg":"empty/unparseable box score; skipping","match_id":6223,"event_id":15292435,"reason":"home box score: turnovers: empty count string"}
{"time":"2026-05-31T16:32:41.023287+03:00","level":"WARN","msg":"empty/unparseable box score; skipping","match_id":6224,"event_id":15292442,"reason":"home box score: turnovers: empty count string"}
{"time":"2026-05-31T16:32:54.02645+03:00","level":"WARN","msg":"empty/unparseable box score; skipping","match_id":6225,"event_id":15282705,"reason":"home box score: turnovers: empty count string"}
{"time":"2026-05-31T16:33:05.024887+03:00","level":"WARN","msg":"empty/unparseable box score; skipping","match_id":6226,"event_id":15273398,"reason":"home box score: turnovers: empty count string"}
{"time":"2026-05-31T16:33:06.026506+03:00","level":"WARN","msg":"empty/unparseable box score; skipping","match_id":6228,"event_id":15260390,"reason":"home box score: turnovers: empty count string"}
{"time":"2026-05-31T16:33:07.025293+03:00","level":"WARN","msg":"empty/unparseable box score; skipping","match_id":6227,"event_id":15260392,"reason":"home box score: turnovers: empty count string"}
{"time":"2026-05-31T16:33:15.027611+03:00","level":"INFO","msg":"progress","processed":500,"enriched":394,"skipped":106,"failed":0}
{"time":"2026-05-31T16:33:16.097451+03:00","level":"WARN","msg":"empty/unparseable box score; skipping","match_id":6229,"event_id":15260391,"reason":"home box score: turnovers: empty count string"}
{"time":"2026-05-31T16:33:17.035716+03:00","level":"WARN","msg":"empty/unparseable box score; skipping","match_id":6230,"event_id":15260389,"reason":"home box score: turnovers: empty count string"}
{"time":"2026-05-31T16:33:34.100223+03:00","level":"WARN","msg":"empty/unparseable box score; skipping","match_id":6231,"event_id":15233055,"reason":"home box score: turnovers: empty count string"}
{"time":"2026-05-31T16:33:38.026481+03:00","level":"WARN","msg":"empty/unparseable box score; skipping","match_id":6232,"event_id":15233056,"reason":"home box score: turnovers: empty count string"}
{"time":"2026-05-31T16:33:42.025341+03:00","level":"WARN","msg":"empty/unparseable box score; skipping","match_id":6233,"event_id":14844054,"reason":"home box score: turnovers: empty count string"}
{"time":"2026-05-31T16:33:46.026799+03:00","level":"WARN","msg":"empty/unparseable box score; skipping","match_id":6234,"event_id":14844053,"reason":"home box score: turnovers: empty count string"}
{"time":"2026-05-31T16:33:47.025884+03:00","level":"WARN","msg":"empty/unparseable box score; skipping","match_id":6235,"event_id":14844052,"reason":"home box score: turnovers: empty count string"}
{"time":"2026-05-31T16:33:48.032701+03:00","level":"WARN","msg":"empty/unparseable box score; skipping","match_id":6236,"event_id":14844051,"reason":"home box score: turnovers: empty count string"}
{"time":"2026-05-31T16:33:49.034388+03:00","level":"WARN","msg":"empty/unparseable box score; skipping","match_id":6237,"event_id":14844050,"reason":"home box score: field goals: empty shot string"}
{"time":"2026-05-31T16:33:51.028024+03:00","level":"WARN","msg":"empty/unparseable box score; skipping","match_id":6238,"event_id":14844049,"reason":"home box score: turnovers: empty count string"}
{"time":"2026-05-31T16:33:59.024641+03:00","level":"WARN","msg":"empty/unparseable box score; skipping","match_id":6239,"event_id":14844048,"reason":"home box score: turnovers: empty count string"}
{"time":"2026-05-31T16:34:03.025945+03:00","level":"WARN","msg":"empty/unparseable box score; skipping","match_id":6240,"event_id":14844047,"reason":"home box score: turnovers: empty count string"}
{"time":"2026-05-31T16:34:05.025677+03:00","level":"WARN","msg":"empty/unparseable box score; skipping","match_id":6242,"event_id":14844045,"reason":"home box score: turnovers: empty count string"}
{"time":"2026-05-31T16:34:06.026029+03:00","level":"WARN","msg":"empty/unparseable box score; skipping","match_id":6241,"event_id":14844046,"reason":"home box score: turnovers: empty count string"}
{"time":"2026-05-31T16:34:13.024638+03:00","level":"WARN","msg":"empty/unparseable box score; skipping","match_id":6244,"event_id":14844044,"reason":"home box score: field goals: empty shot string"}
{"time":"2026-05-31T16:34:14.026138+03:00","level":"WARN","msg":"empty/unparseable box score; skipping","match_id":6243,"event_id":14844043,"reason":"home box score: turnovers: empty count string"}
{"time":"2026-05-31T16:34:18.024819+03:00","level":"WARN","msg":"empty/unparseable box score; skipping","match_id":6246,"event_id":14844040,"reason":"home box score: turnovers: empty count string"}
{"time":"2026-05-31T16:34:19.025705+03:00","level":"WARN","msg":"empty/unparseable box score; skipping","match_id":6245,"event_id":14844041,"reason":"home box score: turnovers: empty count string"}
{"time":"2026-05-31T16:34:28.023725+03:00","level":"WARN","msg":"empty/unparseable box score; skipping","match_id":6248,"event_id":14844038,"reason":"home box score: turnovers: empty count string"}
{"time":"2026-05-31T16:34:36.032751+03:00","level":"WARN","msg":"empty/unparseable box score; skipping","match_id":6247,"event_id":14844039,"reason":"home box score: turnovers: empty count string"}
{"time":"2026-05-31T16:34:37.025752+03:00","level":"WARN","msg":"empty/unparseable box score; skipping","match_id":6249,"event_id":14844037,"reason":"home box score: turnovers: empty count string"}
{"time":"2026-05-31T16:34:44.026618+03:00","level":"WARN","msg":"empty/unparseable box score; skipping","match_id":6250,"event_id":14844036,"reason":"home box score: turnovers: empty count string"}
{"time":"2026-05-31T16:34:46.025908+03:00","level":"WARN","msg":"empty/unparseable box score; skipping","match_id":6251,"event_id":14844035,"reason":"home box score: turnovers: empty count string"}
{"time":"2026-05-31T16:34:47.032845+03:00","level":"WARN","msg":"empty/unparseable box score; skipping","match_id":6252,"event_id":14844034,"reason":"home box score: turnovers: empty count string"}
{"time":"2026-05-31T16:34:55.068427+03:00","level":"INFO","msg":"progress","processed":600,"enriched":470,"skipped":130,"failed":0}
{"time":"2026-05-31T16:35:16.025426+03:00","level":"WARN","msg":"empty/unparseable box score; skipping","match_id":6253,"event_id":14844033,"reason":"home box score: turnovers: empty count string"}
{"time":"2026-05-31T16:35:18.026067+03:00","level":"WARN","msg":"empty/unparseable box score; skipping","match_id":6254,"event_id":14844032,"reason":"home box score: turnovers: empty count string"}
{"time":"2026-05-31T16:35:23.025722+03:00","level":"WARN","msg":"empty/unparseable box score; skipping","match_id":6255,"event_id":14844031,"reason":"home box score: turnovers: empty count string"}
{"time":"2026-05-31T16:35:31.032398+03:00","level":"WARN","msg":"empty/unparseable box score; skipping","match_id":6257,"event_id":14844029,"reason":"home box score: turnovers: empty count string"}
{"time":"2026-05-31T16:35:32.026454+03:00","level":"WARN","msg":"empty/unparseable box score; skipping","match_id":6256,"event_id":14844030,"reason":"home box score: turnovers: empty count string"}
{"time":"2026-05-31T16:35:35.039086+03:00","level":"WARN","msg":"empty/unparseable box score; skipping","match_id":6259,"event_id":14844027,"reason":"home box score: turnovers: empty count string"}
{"time":"2026-05-31T16:35:37.033394+03:00","level":"WARN","msg":"empty/unparseable box score; skipping","match_id":6258,"event_id":14844028,"reason":"home box score: turnovers: empty count string"}
{"time":"2026-05-31T16:35:53.027739+03:00","level":"WARN","msg":"empty/unparseable box score; skipping","match_id":6260,"event_id":14844024,"reason":"home box score: turnovers: empty count string"}
{"time":"2026-05-31T16:35:54.027945+03:00","level":"WARN","msg":"empty/unparseable box score; skipping","match_id":6261,"event_id":14844023,"reason":"home box score: turnovers: empty count string"}
{"time":"2026-05-31T16:36:00.033217+03:00","level":"WARN","msg":"empty/unparseable box score; skipping","match_id":6263,"event_id":14844021,"reason":"home box score: turnovers: empty count string"}
{"time":"2026-05-31T16:36:02.025599+03:00","level":"WARN","msg":"empty/unparseable box score; skipping","match_id":6262,"event_id":14844022,"reason":"home box score: turnovers: empty count string"}
{"time":"2026-05-31T16:36:06.028614+03:00","level":"WARN","msg":"empty/unparseable box score; skipping","match_id":6265,"event_id":14844019,"reason":"home box score: turnovers: empty count string"}
{"time":"2026-05-31T16:36:08.027123+03:00","level":"WARN","msg":"empty/unparseable box score; skipping","match_id":6264,"event_id":14844020,"reason":"home box score: turnovers: empty count string"}
{"time":"2026-05-31T16:36:18.025662+03:00","level":"WARN","msg":"empty/unparseable box score; skipping","match_id":6266,"event_id":14844018,"reason":"home box score: turnovers: empty count string"}
{"time":"2026-05-31T16:36:21.033678+03:00","level":"WARN","msg":"empty/unparseable box score; skipping","match_id":6267,"event_id":14844017,"reason":"home box score: turnovers: empty count string"}
{"time":"2026-05-31T16:36:32.027482+03:00","level":"WARN","msg":"empty/unparseable box score; skipping","match_id":6269,"event_id":14844015,"reason":"home box score: turnovers: empty count string"}
{"time":"2026-05-31T16:36:35.026404+03:00","level":"WARN","msg":"empty/unparseable box score; skipping","match_id":6271,"event_id":14844013,"reason":"home box score: turnovers: empty count string"}
{"time":"2026-05-31T16:36:35.026496+03:00","level":"INFO","msg":"progress","processed":700,"enriched":553,"skipped":147,"failed":0}
{"time":"2026-05-31T16:36:36.027627+03:00","level":"WARN","msg":"empty/unparseable box score; skipping","match_id":6270,"event_id":14953633,"reason":"home box score: turnovers: empty count string"}
{"time":"2026-05-31T16:36:41.034568+03:00","level":"WARN","msg":"empty/unparseable box score; skipping","match_id":6272,"event_id":14844012,"reason":"home box score: field goals: empty shot string"}
{"time":"2026-05-31T16:36:50.028435+03:00","level":"WARN","msg":"empty/unparseable box score; skipping","match_id":6273,"event_id":14844011,"reason":"home box score: turnovers: empty count string"}
{"time":"2026-05-31T16:36:51.028853+03:00","level":"WARN","msg":"empty/unparseable box score; skipping","match_id":6274,"event_id":14844010,"reason":"home box score: turnovers: empty count string"}
{"time":"2026-05-31T16:36:56.026593+03:00","level":"WARN","msg":"empty/unparseable box score; skipping","match_id":6276,"event_id":14844008,"reason":"home box score: turnovers: empty count string"}
{"time":"2026-05-31T16:36:58.028711+03:00","level":"WARN","msg":"empty/unparseable box score; skipping","match_id":6275,"event_id":14844009,"reason":"home box score: turnovers: empty count string"}
{"time":"2026-05-31T16:37:03.028052+03:00","level":"WARN","msg":"empty/unparseable box score; skipping","match_id":6277,"event_id":14844007,"reason":"home box score: turnovers: empty count string"}
{"time":"2026-05-31T16:37:04.02786+03:00","level":"WARN","msg":"empty/unparseable box score; skipping","match_id":6278,"event_id":14844006,"reason":"home box score: turnovers: empty count string"}
{"time":"2026-05-31T16:37:05.027108+03:00","level":"WARN","msg":"empty/unparseable box score; skipping","match_id":6280,"event_id":14844004,"reason":"home box score: turnovers: empty count string"}
{"time":"2026-05-31T16:37:06.03052+03:00","level":"WARN","msg":"empty/unparseable box score; skipping","match_id":6279,"event_id":14844005,"reason":"home box score: turnovers: empty count string"}
{"time":"2026-05-31T16:37:17.033889+03:00","level":"WARN","msg":"empty/unparseable box score; skipping","match_id":6282,"event_id":14844002,"reason":"home box score: turnovers: empty count string"}
{"time":"2026-05-31T16:37:22.030244+03:00","level":"WARN","msg":"empty/unparseable box score; skipping","match_id":6281,"event_id":14844003,"reason":"home box score: turnovers: empty count string"}
{"time":"2026-05-31T16:37:27.027808+03:00","level":"WARN","msg":"empty/unparseable box score; skipping","match_id":6283,"event_id":14844001,"reason":"home box score: field goals: empty shot string"}
{"time":"2026-05-31T16:37:29.027647+03:00","level":"WARN","msg":"empty/unparseable box score; skipping","match_id":6285,"event_id":14843999,"reason":"home box score: turnovers: empty count string"}
{"time":"2026-05-31T16:37:33.034419+03:00","level":"WARN","msg":"empty/unparseable box score; skipping","match_id":6284,"event_id":14844000,"reason":"home box score: turnovers: empty count string"}
{"time":"2026-05-31T16:37:34.026572+03:00","level":"WARN","msg":"empty/unparseable box score; skipping","match_id":6286,"event_id":14843998,"reason":"home box score: turnovers: empty count string"}
{"time":"2026-05-31T16:37:35.030131+03:00","level":"WARN","msg":"empty/unparseable box score; skipping","match_id":6287,"event_id":14843997,"reason":"home box score: turnovers: empty count string"}
{"time":"2026-05-31T16:37:44.031911+03:00","level":"WARN","msg":"empty/unparseable box score; skipping","match_id":6289,"event_id":14830388,"reason":"home box score: turnovers: empty count string"}
{"time":"2026-05-31T16:37:46.035639+03:00","level":"WARN","msg":"empty/unparseable box score; skipping","match_id":6288,"event_id":14830393,"reason":"home box score: turnovers: empty count string"}
{"time":"2026-05-31T16:37:50.028298+03:00","level":"WARN","msg":"empty/unparseable box score; skipping","match_id":6290,"event_id":14825333,"reason":"home box score: turnovers: empty count string"}
{"time":"2026-05-31T16:37:51.027649+03:00","level":"WARN","msg":"empty/unparseable box score; skipping","match_id":6291,"event_id":14825329,"reason":"home box score: turnovers: empty count string"}
{"time":"2026-05-31T16:38:01.027446+03:00","level":"WARN","msg":"empty/unparseable box score; skipping","match_id":6292,"event_id":14823507,"reason":"home box score: turnovers: empty count string"}
{"time":"2026-05-31T16:38:02.030548+03:00","level":"WARN","msg":"empty/unparseable box score; skipping","match_id":6293,"event_id":14823506,"reason":"home box score: turnovers: empty count string"}
{"time":"2026-05-31T16:38:03.027823+03:00","level":"WARN","msg":"empty/unparseable box score; skipping","match_id":6295,"event_id":14823500,"reason":"home box score: turnovers: empty count string"}
{"time":"2026-05-31T16:38:04.042265+03:00","level":"WARN","msg":"empty/unparseable box score; skipping","match_id":6294,"event_id":14823501,"reason":"home box score: turnovers: empty count string"}
{"time":"2026-05-31T16:38:10.02677+03:00","level":"WARN","msg":"empty/unparseable box score; skipping","match_id":6296,"event_id":14823497,"reason":"home box score: turnovers: empty count string"}
{"time":"2026-05-31T16:38:15.031403+03:00","level":"INFO","msg":"progress","processed":800,"enriched":627,"skipped":173,"failed":0}
{"time":"2026-05-31T16:38:19.032247+03:00","level":"INFO","msg":"enrichment complete","iteration":1,"enriched":631,"skipped":173,"failed":0,"total":804,"aborted":false,"elapsed_sec":804.049}
{"time":"2026-05-31T16:40:57.721043+03:00","level":"INFO","msg":"connected to postgres","host":"localhost","db":"basket_pace"}
{"time":"2026-05-31T16:40:57.721894+03:00","level":"INFO","msg":"loaded sofascore cookies","path":"cookies.json"}
{"time":"2026-05-31T16:40:57.736798+03:00","level":"INFO","msg":"starting enrichment","iteration":1,"matches":173,"leagues":["LegaA","ABA","Israel","PBA_PhilCup","PBA_CommCup","PBA_GovCup"],"season_start":"2025-08-01","workers":1,"rps":1,"loop":true}
{"time":"2026-05-31T16:40:59.100163+03:00","level":"WARN","msg":"empty/unparseable box score; skipping","match_id":6297,"event_id":16193683,"reason":"home box score: turnovers: empty count string"}
{"time":"2026-05-31T16:40:59.763077+03:00","level":"WARN","msg":"empty/unparseable box score; skipping","match_id":6298,"event_id":16193686,"reason":"home box score: turnovers: empty count string"}
{"time":"2026-05-31T16:41:00.768715+03:00","level":"WARN","msg":"empty/unparseable box score; skipping","match_id":6299,"event_id":16193680,"reason":"home box score: turnovers: empty count string"}
{"time":"2026-05-31T16:41:01.771092+03:00","level":"WARN","msg":"empty/unparseable box score; skipping","match_id":6300,"event_id":16193679,"reason":"home box score: turnovers: empty count string"}
{"time":"2026-05-31T16:41:02.766875+03:00","level":"WARN","msg":"empty/unparseable box score; skipping","match_id":6301,"event_id":16175361,"reason":"home box score: turnovers: empty count string"}
{"time":"2026-05-31T16:41:03.768676+03:00","level":"WARN","msg":"empty/unparseable box score; skipping","match_id":6302,"event_id":16175646,"reason":"home box score: turnovers: empty count string"}
{"time":"2026-05-31T16:41:04.769063+03:00","level":"WARN","msg":"empty/unparseable box score; skipping","match_id":6303,"event_id":16160345,"reason":"home box score: turnovers: empty count string"}
{"time":"2026-05-31T16:41:05.76169+03:00","level":"WARN","msg":"empty/unparseable box score; skipping","match_id":6304,"event_id":16160347,"reason":"home box score: turnovers: empty count string"}
{"time":"2026-05-31T16:41:06.770169+03:00","level":"WARN","msg":"empty/unparseable box score; skipping","match_id":6305,"event_id":16160344,"reason":"home box score: turnovers: empty count string"}
{"time":"2026-05-31T16:41:07.762001+03:00","level":"WARN","msg":"empty/unparseable box score; skipping","match_id":6306,"event_id":16160346,"reason":"home box score: turnovers: empty count string"}
{"time":"2026-05-31T16:41:08.808561+03:00","level":"WARN","msg":"empty/unparseable box score; skipping","match_id":6307,"event_id":15656714,"reason":"home box score: field goals: empty shot string"}
{"time":"2026-05-31T16:41:09.771286+03:00","level":"WARN","msg":"empty/unparseable box score; skipping","match_id":6308,"event_id":15656713,"reason":"home box score: 3 pointers: empty shot string"}
{"time":"2026-05-31T16:41:10.76394+03:00","level":"WARN","msg":"empty/unparseable box score; skipping","match_id":6309,"event_id":15656712,"reason":"home box score: turnovers: empty count string"}
{"time":"2026-05-31T16:41:11.765318+03:00","level":"WARN","msg":"empty/unparseable box score; skipping","match_id":6310,"event_id":15656711,"reason":"home box score: turnovers: empty count string"}
{"time":"2026-05-31T16:41:12.77008+03:00","level":"WARN","msg":"empty/unparseable box score; skipping","match_id":6311,"event_id":15656710,"reason":"home box score: field goals: empty shot string"}
{"time":"2026-05-31T16:41:13.77363+03:00","level":"WARN","msg":"empty/unparseable box score; skipping","match_id":6312,"event_id":15656709,"reason":"home box score: field goals: empty shot string"}
{"time":"2026-05-31T16:41:14.763683+03:00","level":"WARN","msg":"empty/unparseable box score; skipping","match_id":6313,"event_id":15656707,"reason":"home box score: turnovers: empty count string"}
{"time":"2026-05-31T16:41:15.765179+03:00","level":"WARN","msg":"empty/unparseable box score; skipping","match_id":6314,"event_id":15656708,"reason":"home box score: turnovers: empty count string"}
{"time":"2026-05-31T16:41:16.763276+03:00","level":"WARN","msg":"empty/unparseable box score; skipping","match_id":6315,"event_id":15656706,"reason":"home box score: turnovers: empty count string"}
{"time":"2026-05-31T16:41:17.762423+03:00","level":"WARN","msg":"empty/unparseable box score; skipping","match_id":6316,"event_id":15656705,"reason":"home box score: turnovers: empty count string"}
{"time":"2026-05-31T16:41:18.761627+03:00","level":"WARN","msg":"empty/unparseable box score; skipping","match_id":6317,"event_id":15656704,"reason":"home box score: turnovers: empty count string"}
{"time":"2026-05-31T16:41:19.767415+03:00","level":"WARN","msg":"empty/unparseable box score; skipping","match_id":6318,"event_id":15656703,"reason":"home box score: turnovers: empty count string"}
{"time":"2026-05-31T16:41:20.762024+03:00","level":"WARN","msg":"empty/unparseable box score; skipping","match_id":6319,"event_id":15656702,"reason":"home box score: 3 pointers: empty shot string"}
{"time":"2026-05-31T16:41:21.77175+03:00","level":"WARN","msg":"empty/unparseable box score; skipping","match_id":6320,"event_id":15656701,"reason":"home box score: field goals: empty shot string"}
{"time":"2026-05-31T16:41:22.767787+03:00","level":"WARN","msg":"empty/unparseable box score; skipping","match_id":6321,"event_id":15656700,"reason":"home box score: turnovers: empty count string"}
{"time":"2026-05-31T16:41:23.765739+03:00","level":"WARN","msg":"empty/unparseable box score; skipping","match_id":6322,"event_id":15656699,"reason":"home box score: turnovers: empty count string"}
{"time":"2026-05-31T16:41:24.76892+03:00","level":"WARN","msg":"empty/unparseable box score; skipping","match_id":6323,"event_id":15656698,"reason":"home box score: turnovers: empty count string"}
{"time":"2026-05-31T16:41:25.762007+03:00","level":"WARN","msg":"empty/unparseable box score; skipping","match_id":6324,"event_id":15656697,"reason":"home box score: turnovers: empty count string"}
{"time":"2026-05-31T16:41:26.771394+03:00","level":"WARN","msg":"empty/unparseable box score; skipping","match_id":6325,"event_id":15656696,"reason":"home box score: turnovers: empty count string"}
{"time":"2026-05-31T16:41:27.769882+03:00","level":"WARN","msg":"empty/unparseable box score; skipping","match_id":6326,"event_id":15656695,"reason":"home box score: turnovers: empty count string"}
{"time":"2026-05-31T16:41:28.77927+03:00","level":"WARN","msg":"empty/unparseable box score; skipping","match_id":6327,"event_id":15656694,"reason":"home box score: turnovers: empty count string"}
{"time":"2026-05-31T16:41:29.765289+03:00","level":"WARN","msg":"empty/unparseable box score; skipping","match_id":6328,"event_id":15656693,"reason":"home box score: turnovers: empty count string"}
{"time":"2026-05-31T16:41:30.765403+03:00","level":"WARN","msg":"empty/unparseable box score; skipping","match_id":6329,"event_id":15656692,"reason":"home box score: field goals: empty shot string"}
{"time":"2026-05-31T16:41:31.762099+03:00","level":"WARN","msg":"empty/unparseable box score; skipping","match_id":6330,"event_id":15656691,"reason":"home box score: field goals: empty shot string"}
{"time":"2026-05-31T16:41:32.770358+03:00","level":"WARN","msg":"empty/unparseable box score; skipping","match_id":6331,"event_id":15656690,"reason":"home box score: turnovers: empty count string"}
{"time":"2026-05-31T16:41:33.770453+03:00","level":"WARN","msg":"empty/unparseable box score; skipping","match_id":6332,"event_id":15656689,"reason":"home box score: turnovers: empty count string"}
{"time":"2026-05-31T16:41:34.767063+03:00","level":"WARN","msg":"empty/unparseable box score; skipping","match_id":6333,"event_id":15656688,"reason":"home box score: turnovers: empty count string"}
{"time":"2026-05-31T16:41:35.76683+03:00","level":"WARN","msg":"empty/unparseable box score; skipping","match_id":6334,"event_id":15656687,"reason":"home box score: turnovers: empty count string"}
{"time":"2026-05-31T16:41:36.766416+03:00","level":"WARN","msg":"empty/unparseable box score; skipping","match_id":6335,"event_id":15656686,"reason":"home box score: turnovers: empty count string"}
{"time":"2026-05-31T16:41:37.764437+03:00","level":"WARN","msg":"empty/unparseable box score; skipping","match_id":6336,"event_id":15656685,"reason":"home box score: turnovers: empty count string"}
{"time":"2026-05-31T16:41:38.776743+03:00","level":"WARN","msg":"empty/unparseable box score; skipping","match_id":6337,"event_id":15656684,"reason":"home box score: turnovers: empty count string"}
{"time":"2026-05-31T16:41:39.763285+03:00","level":"WARN","msg":"empty/unparseable box score; skipping","match_id":6338,"event_id":15656683,"reason":"home box score: turnovers: empty count string"}
{"time":"2026-05-31T16:41:40.771214+03:00","level":"WARN","msg":"empty/unparseable box score; skipping","match_id":6339,"event_id":15656682,"reason":"home box score: turnovers: empty count string"}
{"time":"2026-05-31T16:41:41.768024+03:00","level":"WARN","msg":"empty/unparseable box score; skipping","match_id":6340,"event_id":15656681,"reason":"home box score: turnovers: empty count string"}
{"time":"2026-05-31T16:41:42.770026+03:00","level":"WARN","msg":"empty/unparseable box score; skipping","match_id":6341,"event_id":15656680,"reason":"home box score: turnovers: empty count string"}
{"time":"2026-05-31T16:41:43.778049+03:00","level":"WARN","msg":"empty/unparseable box score; skipping","match_id":6342,"event_id":15656679,"reason":"home box score: turnovers: empty count string"}
{"time":"2026-05-31T16:41:44.765147+03:00","level":"WARN","msg":"empty/unparseable box score; skipping","match_id":6343,"event_id":15656678,"reason":"home box score: turnovers: empty count string"}
{"time":"2026-05-31T16:41:45.765552+03:00","level":"WARN","msg":"empty/unparseable box score; skipping","match_id":6344,"event_id":15656677,"reason":"home box score: turnovers: empty count string"}
{"time":"2026-05-31T16:41:46.767651+03:00","level":"WARN","msg":"empty/unparseable box score; skipping","match_id":6345,"event_id":15656676,"reason":"home box score: turnovers: empty count string"}
{"time":"2026-05-31T16:41:47.763969+03:00","level":"WARN","msg":"empty/unparseable box score; skipping","match_id":6346,"event_id":15656675,"reason":"home box score: turnovers: empty count string"}
{"time":"2026-05-31T16:41:48.763431+03:00","level":"WARN","msg":"empty/unparseable box score; skipping","match_id":6347,"event_id":15656674,"reason":"home box score: turnovers: empty count string"}
{"time":"2026-05-31T16:41:49.768823+03:00","level":"WARN","msg":"empty/unparseable box score; skipping","match_id":6348,"event_id":15656673,"reason":"home box score: turnovers: empty count string"}
{"time":"2026-05-31T16:41:50.766676+03:00","level":"WARN","msg":"empty/unparseable box score; skipping","match_id":6351,"event_id":15656670,"reason":"home box score: field goals: empty shot string"}
{"time":"2026-05-31T16:41:51.770304+03:00","level":"WARN","msg":"empty/unparseable box score; skipping","match_id":6352,"event_id":15656669,"reason":"home box score: field goals: empty shot string"}
{"time":"2026-05-31T16:41:52.98274+03:00","level":"WARN","msg":"empty/unparseable box score; skipping","match_id":6353,"event_id":15656668,"reason":"home box score: turnovers: empty count string"}
{"time":"2026-05-31T16:41:53.768421+03:00","level":"WARN","msg":"empty/unparseable box score; skipping","match_id":6354,"event_id":15656667,"reason":"home box score: turnovers: empty count string"}
{"time":"2026-05-31T16:41:54.772792+03:00","level":"WARN","msg":"empty/unparseable box score; skipping","match_id":6355,"event_id":15656666,"reason":"home box score: turnovers: empty count string"}
{"time":"2026-05-31T16:41:55.76251+03:00","level":"WARN","msg":"empty/unparseable box score; skipping","match_id":6356,"event_id":15656665,"reason":"home box score: turnovers: empty count string"}
{"time":"2026-05-31T16:41:56.763405+03:00","level":"WARN","msg":"empty/unparseable box score; skipping","match_id":6357,"event_id":15656664,"reason":"home box score: turnovers: empty count string"}
{"time":"2026-05-31T16:41:57.770424+03:00","level":"WARN","msg":"empty/unparseable box score; skipping","match_id":6358,"event_id":15656663,"reason":"home box score: turnovers: empty count string"}
{"time":"2026-05-31T16:41:58.773117+03:00","level":"WARN","msg":"empty/unparseable box score; skipping","match_id":6359,"event_id":15656662,"reason":"home box score: turnovers: empty count string"}
{"time":"2026-05-31T16:41:59.769083+03:00","level":"WARN","msg":"empty/unparseable box score; skipping","match_id":6360,"event_id":15656661,"reason":"home box score: turnovers: empty count string"}
{"time":"2026-05-31T16:42:00.767577+03:00","level":"WARN","msg":"empty/unparseable box score; skipping","match_id":6361,"event_id":15656660,"reason":"home box score: turnovers: empty count string"}
{"time":"2026-05-31T16:42:01.76904+03:00","level":"WARN","msg":"empty/unparseable box score; skipping","match_id":6362,"event_id":15656659,"reason":"home box score: turnovers: empty count string"}
{"time":"2026-05-31T16:42:02.767079+03:00","level":"WARN","msg":"empty/unparseable box score; skipping","match_id":6363,"event_id":15656658,"reason":"home box score: turnovers: empty count string"}
{"time":"2026-05-31T16:42:03.763792+03:00","level":"WARN","msg":"empty/unparseable box score; skipping","match_id":6364,"event_id":15656657,"reason":"home box score: turnovers: empty count string"}
{"time":"2026-05-31T16:42:04.762643+03:00","level":"WARN","msg":"empty/unparseable box score; skipping","match_id":6365,"event_id":15656656,"reason":"home box score: turnovers: empty count string"}
{"time":"2026-05-31T16:42:05.767036+03:00","level":"WARN","msg":"empty/unparseable box score; skipping","match_id":6366,"event_id":15656655,"reason":"home box score: turnovers: empty count string"}
{"time":"2026-05-31T16:42:06.76707+03:00","level":"WARN","msg":"empty/unparseable box score; skipping","match_id":6367,"event_id":15656654,"reason":"home box score: turnovers: empty count string"}
{"time":"2026-05-31T16:42:07.770032+03:00","level":"WARN","msg":"empty/unparseable box score; skipping","match_id":6368,"event_id":15656653,"reason":"home box score: turnovers: empty count string"}
{"time":"2026-05-31T16:42:08.762526+03:00","level":"WARN","msg":"empty/unparseable box score; skipping","match_id":6369,"event_id":15656652,"reason":"home box score: turnovers: empty count string"}
{"time":"2026-05-31T16:42:09.762928+03:00","level":"WARN","msg":"empty/unparseable box score; skipping","match_id":6370,"event_id":15656651,"reason":"home box score: turnovers: empty count string"}
{"time":"2026-05-31T16:42:10.769135+03:00","level":"WARN","msg":"empty/unparseable box score; skipping","match_id":6371,"event_id":15656650,"reason":"home box score: turnovers: empty count string"}
{"time":"2026-05-31T16:42:11.764343+03:00","level":"WARN","msg":"empty/unparseable box score; skipping","match_id":6372,"event_id":15656649,"reason":"home box score: turnovers: empty count string"}
{"time":"2026-05-31T16:42:12.773941+03:00","level":"WARN","msg":"empty/unparseable box score; skipping","match_id":6373,"event_id":15656648,"reason":"home box score: turnovers: empty count string"}
{"time":"2026-05-31T16:42:13.774381+03:00","level":"WARN","msg":"empty/unparseable box score; skipping","match_id":6374,"event_id":15656647,"reason":"home box score: turnovers: empty count string"}
{"time":"2026-05-31T16:42:14.764241+03:00","level":"WARN","msg":"empty/unparseable box score; skipping","match_id":6375,"event_id":15656646,"reason":"home box score: turnovers: empty count string"}
{"time":"2026-05-31T16:42:15.76678+03:00","level":"WARN","msg":"empty/unparseable box score; skipping","match_id":6376,"event_id":15656645,"reason":"home box score: turnovers: empty count string"}
{"time":"2026-05-31T16:42:16.762435+03:00","level":"WARN","msg":"empty/unparseable box score; skipping","match_id":6377,"event_id":15656644,"reason":"home box score: turnovers: empty count string"}
{"time":"2026-05-31T16:42:17.765857+03:00","level":"WARN","msg":"empty/unparseable box score; skipping","match_id":6378,"event_id":15656643,"reason":"home box score: turnovers: empty count string"}
{"time":"2026-05-31T16:42:18.775401+03:00","level":"WARN","msg":"empty/unparseable box score; skipping","match_id":6379,"event_id":15656642,"reason":"home box score: turnovers: empty count string"}
{"time":"2026-05-31T16:42:19.772514+03:00","level":"WARN","msg":"empty/unparseable box score; skipping","match_id":6380,"event_id":15656641,"reason":"home box score: turnovers: empty count string"}
{"time":"2026-05-31T16:42:20.763385+03:00","level":"WARN","msg":"empty/unparseable box score; skipping","match_id":6382,"event_id":15656639,"reason":"home box score: turnovers: empty count string"}
{"time":"2026-05-31T16:42:21.7643+03:00","level":"WARN","msg":"empty/unparseable box score; skipping","match_id":6383,"event_id":15656638,"reason":"home box score: turnovers: empty count string"}
{"time":"2026-05-31T16:42:22.769537+03:00","level":"WARN","msg":"empty/unparseable box score; skipping","match_id":6384,"event_id":15656637,"reason":"home box score: turnovers: empty count string"}
{"time":"2026-05-31T16:42:23.768405+03:00","level":"WARN","msg":"empty/unparseable box score; skipping","match_id":6208,"event_id":15443545,"reason":"home box score: turnovers: empty count string"}
{"time":"2026-05-31T16:42:24.769839+03:00","level":"WARN","msg":"empty/unparseable box score; skipping","match_id":6209,"event_id":15420563,"reason":"home box score: turnovers: empty count string"}
{"time":"2026-05-31T16:42:25.765795+03:00","level":"WARN","msg":"empty/unparseable box score; skipping","match_id":6210,"event_id":15383792,"reason":"home box score: turnovers: empty count string"}
{"time":"2026-05-31T16:42:26.76581+03:00","level":"WARN","msg":"empty/unparseable box score; skipping","match_id":6211,"event_id":15383791,"reason":"home box score: turnovers: empty count string"}
{"time":"2026-05-31T16:42:27.771836+03:00","level":"WARN","msg":"empty/unparseable box score; skipping","match_id":6212,"event_id":15383790,"reason":"home box score: turnovers: empty count string"}
{"time":"2026-05-31T16:42:28.77233+03:00","level":"WARN","msg":"empty/unparseable box score; skipping","match_id":6213,"event_id":15383789,"reason":"home box score: turnovers: empty count string"}
{"time":"2026-05-31T16:42:29.765176+03:00","level":"WARN","msg":"empty/unparseable box score; skipping","match_id":6214,"event_id":15348927,"reason":"home box score: turnovers: empty count string"}
{"time":"2026-05-31T16:42:30.770514+03:00","level":"WARN","msg":"empty/unparseable box score; skipping","match_id":6215,"event_id":15328829,"reason":"home box score: turnovers: empty count string"}
{"time":"2026-05-31T16:42:31.770984+03:00","level":"WARN","msg":"empty/unparseable box score; skipping","match_id":6216,"event_id":15337185,"reason":"home box score: turnovers: empty count string"}
{"time":"2026-05-31T16:42:32.76413+03:00","level":"WARN","msg":"empty/unparseable box score; skipping","match_id":6217,"event_id":15292438,"reason":"home box score: turnovers: empty count string"}
{"time":"2026-05-31T16:42:33.773425+03:00","level":"WARN","msg":"empty/unparseable box score; skipping","match_id":6218,"event_id":15292439,"reason":"home box score: turnovers: empty count string"}
{"time":"2026-05-31T16:42:34.769796+03:00","level":"WARN","msg":"empty/unparseable box score; skipping","match_id":6219,"event_id":15292441,"reason":"home box score: turnovers: empty count string"}
{"time":"2026-05-31T16:42:35.763955+03:00","level":"WARN","msg":"empty/unparseable box score; skipping","match_id":6220,"event_id":15292443,"reason":"home box score: turnovers: empty count string"}
{"time":"2026-05-31T16:42:36.771223+03:00","level":"WARN","msg":"empty/unparseable box score; skipping","match_id":6221,"event_id":15292436,"reason":"home box score: turnovers: empty count string"}
{"time":"2026-05-31T16:42:37.770178+03:00","level":"WARN","msg":"empty/unparseable box score; skipping","match_id":6222,"event_id":15292440,"reason":"home box score: turnovers: empty count string"}
{"time":"2026-05-31T16:42:37.770247+03:00","level":"INFO","msg":"progress","processed":100,"enriched":0,"skipped":100,"failed":0}
{"time":"2026-05-31T16:42:38.764324+03:00","level":"WARN","msg":"empty/unparseable box score; skipping","match_id":6223,"event_id":15292435,"reason":"home box score: turnovers: empty count string"}
{"time":"2026-05-31T16:42:39.766777+03:00","level":"WARN","msg":"empty/unparseable box score; skipping","match_id":6224,"event_id":15292442,"reason":"home box score: turnovers: empty count string"}
{"time":"2026-05-31T16:42:40.767684+03:00","level":"WARN","msg":"empty/unparseable box score; skipping","match_id":6225,"event_id":15282705,"reason":"home box score: turnovers: empty count string"}
{"time":"2026-05-31T16:42:41.763022+03:00","level":"WARN","msg":"empty/unparseable box score; skipping","match_id":6226,"event_id":15273398,"reason":"home box score: turnovers: empty count string"}
{"time":"2026-05-31T16:42:42.768295+03:00","level":"WARN","msg":"empty/unparseable box score; skipping","match_id":6227,"event_id":15260392,"reason":"home box score: turnovers: empty count string"}
{"time":"2026-05-31T16:42:43.771896+03:00","level":"WARN","msg":"empty/unparseable box score; skipping","match_id":6228,"event_id":15260390,"reason":"home box score: turnovers: empty count string"}
{"time":"2026-05-31T16:42:44.767978+03:00","level":"WARN","msg":"empty/unparseable box score; skipping","match_id":6230,"event_id":15260389,"reason":"home box score: turnovers: empty count string"}
{"time":"2026-05-31T16:42:45.764786+03:00","level":"WARN","msg":"empty/unparseable box score; skipping","match_id":6229,"event_id":15260391,"reason":"home box score: turnovers: empty count string"}
{"time":"2026-05-31T16:42:46.763577+03:00","level":"WARN","msg":"empty/unparseable box score; skipping","match_id":6232,"event_id":15233056,"reason":"home box score: turnovers: empty count string"}
{"time":"2026-05-31T16:42:47.765555+03:00","level":"WARN","msg":"empty/unparseable box score; skipping","match_id":6231,"event_id":15233055,"reason":"home box score: turnovers: empty count string"}
{"time":"2026-05-31T16:42:48.765891+03:00","level":"WARN","msg":"empty/unparseable box score; skipping","match_id":6234,"event_id":14844053,"reason":"home box score: turnovers: empty count string"}
{"time":"2026-05-31T16:42:49.763566+03:00","level":"WARN","msg":"empty/unparseable box score; skipping","match_id":6233,"event_id":14844054,"reason":"home box score: turnovers: empty count string"}
{"time":"2026-05-31T16:42:50.766935+03:00","level":"WARN","msg":"empty/unparseable box score; skipping","match_id":6237,"event_id":14844050,"reason":"home box score: field goals: empty shot string"}
{"time":"2026-05-31T16:42:51.764675+03:00","level":"WARN","msg":"empty/unparseable box score; skipping","match_id":6236,"event_id":14844051,"reason":"home box score: turnovers: empty count string"}
{"time":"2026-05-31T16:42:52.768134+03:00","level":"WARN","msg":"empty/unparseable box score; skipping","match_id":6235,"event_id":14844052,"reason":"home box score: turnovers: empty count string"}
{"time":"2026-05-31T16:42:53.770084+03:00","level":"WARN","msg":"empty/unparseable box score; skipping","match_id":6238,"event_id":14844049,"reason":"home box score: turnovers: empty count string"}
{"time":"2026-05-31T16:42:54.769554+03:00","level":"WARN","msg":"empty/unparseable box score; skipping","match_id":6239,"event_id":14844048,"reason":"home box score: turnovers: empty count string"}
{"time":"2026-05-31T16:42:55.77497+03:00","level":"WARN","msg":"empty/unparseable box score; skipping","match_id":6240,"event_id":14844047,"reason":"home box score: turnovers: empty count string"}
{"time":"2026-05-31T16:42:56.765921+03:00","level":"WARN","msg":"empty/unparseable box score; skipping","match_id":6241,"event_id":14844046,"reason":"home box score: turnovers: empty count string"}
{"time":"2026-05-31T16:42:57.765605+03:00","level":"WARN","msg":"empty/unparseable box score; skipping","match_id":6242,"event_id":14844045,"reason":"home box score: turnovers: empty count string"}
{"time":"2026-05-31T16:42:58.76943+03:00","level":"WARN","msg":"empty/unparseable box score; skipping","match_id":6244,"event_id":14844044,"reason":"home box score: field goals: empty shot string"}
{"time":"2026-05-31T16:42:59.764337+03:00","level":"WARN","msg":"empty/unparseable box score; skipping","match_id":6243,"event_id":14844043,"reason":"home box score: turnovers: empty count string"}
{"time":"2026-05-31T16:43:00.765+03:00","level":"WARN","msg":"empty/unparseable box score; skipping","match_id":6246,"event_id":14844040,"reason":"home box score: turnovers: empty count string"}
{"time":"2026-05-31T16:43:01.76398+03:00","level":"WARN","msg":"empty/unparseable box score; skipping","match_id":6245,"event_id":14844041,"reason":"home box score: turnovers: empty count string"}
{"time":"2026-05-31T16:43:02.763772+03:00","level":"WARN","msg":"empty/unparseable box score; skipping","match_id":6247,"event_id":14844039,"reason":"home box score: turnovers: empty count string"}
{"time":"2026-05-31T16:43:03.769248+03:00","level":"WARN","msg":"empty/unparseable box score; skipping","match_id":6248,"event_id":14844038,"reason":"home box score: turnovers: empty count string"}
{"time":"2026-05-31T16:43:04.766841+03:00","level":"WARN","msg":"empty/unparseable box score; skipping","match_id":6249,"event_id":14844037,"reason":"home box score: turnovers: empty count string"}
{"time":"2026-05-31T16:43:05.766808+03:00","level":"WARN","msg":"empty/unparseable box score; skipping","match_id":6250,"event_id":14844036,"reason":"home box score: turnovers: empty count string"}
{"time":"2026-05-31T16:43:06.776305+03:00","level":"WARN","msg":"empty/unparseable box score; skipping","match_id":6252,"event_id":14844034,"reason":"home box score: turnovers: empty count string"}
{"time":"2026-05-31T16:43:07.770442+03:00","level":"WARN","msg":"empty/unparseable box score; skipping","match_id":6251,"event_id":14844035,"reason":"home box score: turnovers: empty count string"}
{"time":"2026-05-31T16:43:08.764628+03:00","level":"WARN","msg":"empty/unparseable box score; skipping","match_id":6253,"event_id":14844033,"reason":"home box score: turnovers: empty count string"}
{"time":"2026-05-31T16:43:09.762432+03:00","level":"WARN","msg":"empty/unparseable box score; skipping","match_id":6254,"event_id":14844032,"reason":"home box score: turnovers: empty count string"}
{"time":"2026-05-31T16:43:10.768109+03:00","level":"WARN","msg":"empty/unparseable box score; skipping","match_id":6255,"event_id":14844031,"reason":"home box score: turnovers: empty count string"}
{"time":"2026-05-31T16:43:11.765554+03:00","level":"WARN","msg":"empty/unparseable box score; skipping","match_id":6257,"event_id":14844029,"reason":"home box score: turnovers: empty count string"}
{"time":"2026-05-31T16:43:12.76204+03:00","level":"WARN","msg":"empty/unparseable box score; skipping","match_id":6256,"event_id":14844030,"reason":"home box score: turnovers: empty count string"}
{"time":"2026-05-31T16:43:13.777201+03:00","level":"WARN","msg":"empty/unparseable box score; skipping","match_id":6259,"event_id":14844027,"reason":"home box score: turnovers: empty count string"}
{"time":"2026-05-31T16:43:14.767997+03:00","level":"WARN","msg":"empty/unparseable box score; skipping","match_id":6258,"event_id":14844028,"reason":"home box score: turnovers: empty count string"}
{"time":"2026-05-31T16:43:15.763344+03:00","level":"WARN","msg":"empty/unparseable box score; skipping","match_id":6261,"event_id":14844023,"reason":"home box score: turnovers: empty count string"}
{"time":"2026-05-31T16:43:16.771992+03:00","level":"WARN","msg":"empty/unparseable box score; skipping","match_id":6260,"event_id":14844024,"reason":"home box score: turnovers: empty count string"}
{"time":"2026-05-31T16:43:17.772786+03:00","level":"WARN","msg":"empty/unparseable box score; skipping","match_id":6263,"event_id":14844021,"reason":"home box score: turnovers: empty count string"}
{"time":"2026-05-31T16:43:18.771887+03:00","level":"WARN","msg":"empty/unparseable box score; skipping","match_id":6262,"event_id":14844022,"reason":"home box score: turnovers: empty count string"}
{"time":"2026-05-31T16:43:19.771265+03:00","level":"WARN","msg":"empty/unparseable box score; skipping","match_id":6264,"event_id":14844020,"reason":"home box score: turnovers: empty count string"}
{"time":"2026-05-31T16:43:20.767754+03:00","level":"WARN","msg":"empty/unparseable box score; skipping","match_id":6265,"event_id":14844019,"reason":"home box score: turnovers: empty count string"}
{"time":"2026-05-31T16:43:21.771757+03:00","level":"WARN","msg":"empty/unparseable box score; skipping","match_id":6267,"event_id":14844017,"reason":"home box score: turnovers: empty count string"}
{"time":"2026-05-31T16:43:22.771332+03:00","level":"WARN","msg":"empty/unparseable box score; skipping","match_id":6266,"event_id":14844018,"reason":"home box score: turnovers: empty count string"}
{"time":"2026-05-31T16:43:23.773329+03:00","level":"WARN","msg":"empty/unparseable box score; skipping","match_id":6269,"event_id":14844015,"reason":"home box score: turnovers: empty count string"}
{"time":"2026-05-31T16:43:24.769525+03:00","level":"WARN","msg":"empty/unparseable box score; skipping","match_id":6271,"event_id":14844013,"reason":"home box score: turnovers: empty count string"}
{"time":"2026-05-31T16:43:25.773807+03:00","level":"WARN","msg":"empty/unparseable box score; skipping","match_id":6270,"event_id":14953633,"reason":"home box score: turnovers: empty count string"}
{"time":"2026-05-31T16:43:26.770258+03:00","level":"WARN","msg":"empty/unparseable box score; skipping","match_id":6274,"event_id":14844010,"reason":"home box score: turnovers: empty count string"}
{"time":"2026-05-31T16:43:27.766689+03:00","level":"WARN","msg":"empty/unparseable box score; skipping","match_id":6273,"event_id":14844011,"reason":"home box score: turnovers: empty count string"}
{"time":"2026-05-31T16:43:28.772986+03:00","level":"WARN","msg":"empty/unparseable box score; skipping","match_id":6272,"event_id":14844012,"reason":"home box score: field goals: empty shot string"}
{"time":"2026-05-31T16:43:29.764043+03:00","level":"WARN","msg":"empty/unparseable box score; skipping","match_id":6276,"event_id":14844008,"reason":"home box score: turnovers: empty count string"}
{"time":"2026-05-31T16:43:30.764462+03:00","level":"WARN","msg":"empty/unparseable box score; skipping","match_id":6275,"event_id":14844009,"reason":"home box score: turnovers: empty count string"}
{"time":"2026-05-31T16:43:31.764593+03:00","level":"WARN","msg":"empty/unparseable box score; skipping","match_id":6277,"event_id":14844007,"reason":"home box score: turnovers: empty count string"}
{"time":"2026-05-31T16:43:32.769289+03:00","level":"WARN","msg":"empty/unparseable box score; skipping","match_id":6278,"event_id":14844006,"reason":"home box score: turnovers: empty count string"}
{"time":"2026-05-31T16:43:33.764732+03:00","level":"WARN","msg":"empty/unparseable box score; skipping","match_id":6280,"event_id":14844004,"reason":"home box score: turnovers: empty count string"}
{"time":"2026-05-31T16:43:34.766834+03:00","level":"WARN","msg":"empty/unparseable box score; skipping","match_id":6279,"event_id":14844005,"reason":"home box score: turnovers: empty count string"}
{"time":"2026-05-31T16:43:35.763806+03:00","level":"WARN","msg":"empty/unparseable box score; skipping","match_id":6281,"event_id":14844003,"reason":"home box score: turnovers: empty count string"}
{"time":"2026-05-31T16:43:36.778054+03:00","level":"WARN","msg":"empty/unparseable box score; skipping","match_id":6282,"event_id":14844002,"reason":"home box score: turnovers: empty count string"}
{"time":"2026-05-31T16:43:37.766423+03:00","level":"WARN","msg":"empty/unparseable box score; skipping","match_id":6283,"event_id":14844001,"reason":"home box score: field goals: empty shot string"}
{"time":"2026-05-31T16:43:38.764653+03:00","level":"WARN","msg":"empty/unparseable box score; skipping","match_id":6284,"event_id":14844000,"reason":"home box score: turnovers: empty count string"}
{"time":"2026-05-31T16:43:39.769791+03:00","level":"WARN","msg":"empty/unparseable box score; skipping","match_id":6285,"event_id":14843999,"reason":"home box score: turnovers: empty count string"}
{"time":"2026-05-31T16:43:40.778304+03:00","level":"WARN","msg":"empty/unparseable box score; skipping","match_id":6287,"event_id":14843997,"reason":"home box score: turnovers: empty count string"}
{"time":"2026-05-31T16:43:41.7638+03:00","level":"WARN","msg":"empty/unparseable box score; skipping","match_id":6286,"event_id":14843998,"reason":"home box score: turnovers: empty count string"}
{"time":"2026-05-31T16:43:42.766138+03:00","level":"WARN","msg":"empty/unparseable box score; skipping","match_id":6289,"event_id":14830388,"reason":"home box score: turnovers: empty count string"}
{"time":"2026-05-31T16:43:43.855166+03:00","level":"WARN","msg":"empty/unparseable box score; skipping","match_id":6288,"event_id":14830393,"reason":"home box score: turnovers: empty count string"}
{"time":"2026-05-31T16:43:44.767064+03:00","level":"WARN","msg":"empty/unparseable box score; skipping","match_id":6290,"event_id":14825333,"reason":"home box score: turnovers: empty count string"}
{"time":"2026-05-31T16:43:45.764657+03:00","level":"WARN","msg":"empty/unparseable box score; skipping","match_id":6291,"event_id":14825329,"reason":"home box score: turnovers: empty count string"}
{"time":"2026-05-31T16:43:46.782844+03:00","level":"WARN","msg":"empty/unparseable box score; skipping","match_id":6292,"event_id":14823507,"reason":"home box score: turnovers: empty count string"}
{"time":"2026-05-31T16:43:47.76418+03:00","level":"WARN","msg":"empty/unparseable box score; skipping","match_id":6293,"event_id":14823506,"reason":"home box score: turnovers: empty count string"}
{"time":"2026-05-31T16:43:48.772032+03:00","level":"WARN","msg":"empty/unparseable box score; skipping","match_id":6294,"event_id":14823501,"reason":"home box score: turnovers: empty count string"}
{"time":"2026-05-31T16:43:49.769966+03:00","level":"WARN","msg":"empty/unparseable box score; skipping","match_id":6295,"event_id":14823500,"reason":"home box score: turnovers: empty count string"}
{"time":"2026-05-31T16:43:50.771147+03:00","level":"WARN","msg":"empty/unparseable box score; skipping","match_id":6296,"event_id":14823497,"reason":"home box score: turnovers: empty count string"}
{"time":"2026-05-31T16:43:50.771218+03:00","level":"INFO","msg":"enrichment complete","iteration":1,"enriched":0,"skipped":173,"failed":0,"total":173,"aborted":false,"elapsed_sec":173.033}
